{
  "data" : {
    "model" : {
      "confidenceIntervalProb" : 95.0,
      "testColumns" : {
        "mode" : "MANUAL",
        "patternFilter" : {
          "pattern" : "",
          "isCaseSensitive" : false,
          "isInverted" : false
        },
        "manualFilter" : {
          "manuallySelected" : [ ],
          "manuallyDeselected" : [ ],
          "includeUnknownColumns" : false
        },
        "typeFilter" : {
          "selectedTypes" : [ ],
          "typeDisplays" : [ ]
        }
      }
    }
  },
  "schema" : {
    "type" : "object",
    "properties" : {
      "model" : {
        "type" : "object",
        "properties" : {
          "confidenceIntervalProb" : {
            "type" : "number",
            "format" : "double",
            "title" : "Confidence Interval (in %)",
            "description" : "The limits for the confidence interval are computed using this number. The default is 95 which\nmeans that you can be 95% confident that the true value of the parameter is in the confidence\ninterval.\n",
            "default" : 95.0
          },
          "groupingColumn" : {
            "type" : "string",
            "title" : "Factor",
            "description" : "Column holding the grouping information data. This column defines the groups\nto be compared in the one-way ANOVA test.\n"
          },
          "testColumns" : {
            "type" : "object",
            "properties" : {
              "manualFilter" : {
                "type" : "object",
                "properties" : {
                  "includeUnknownColumns" : {
                    "type" : "boolean",
                    "default" : false
                  },
                  "manuallyDeselected" : {
                    "type" : "array",
                    "items" : {
                      "type" : "string"
                    }
                  },
                  "manuallySelected" : {
                    "type" : "array",
                    "items" : {
                      "type" : "string"
                    }
                  }
                },
                "default" : {
                  "manuallySelected" : [ ],
                  "manuallyDeselected" : [ ],
                  "includeUnknownColumns" : false
                }
              },
              "mode" : {
                "oneOf" : [ {
                  "const" : "MANUAL",
                  "title" : "Manual"
                }, {
                  "const" : "REGEX",
                  "title" : "Regex"
                }, {
                  "const" : "WILDCARD",
                  "title" : "Wildcard"
                }, {
                  "const" : "TYPE",
                  "title" : "Type"
                } ],
                "default" : "MANUAL"
              },
              "patternFilter" : {
                "type" : "object",
                "properties" : {
                  "isCaseSensitive" : {
                    "type" : "boolean",
                    "default" : false
                  },
                  "isInverted" : {
                    "type" : "boolean",
                    "default" : false
                  },
                  "pattern" : {
                    "type" : "string",
                    "default" : ""
                  }
                },
                "default" : {
                  "pattern" : "",
                  "isCaseSensitive" : false,
                  "isInverted" : false
                }
              },
              "selected" : {
                "type" : "array",
                "items" : {
                  "type" : "string"
                }
              },
              "typeFilter" : {
                "type" : "object",
                "properties" : {
                  "selectedTypes" : {
                    "default" : [ ],
                    "type" : "array",
                    "items" : {
                      "type" : "string"
                    }
                  }
                },
                "default" : {
                  "selectedTypes" : [ ],
                  "typeDisplays" : [ ]
                }
              }
            },
            "title" : "Test columns",
            "description" : "A one-way ANOVA is performed separately for each of these columns.\nOnly columns of numeric type (Double) can be selected for testing.\n",
            "default" : {
              "mode" : "MANUAL",
              "patternFilter" : {
                "pattern" : "",
                "isCaseSensitive" : false,
                "isInverted" : false
              },
              "manualFilter" : {
                "manuallySelected" : [ ],
                "manuallyDeselected" : [ ],
                "includeUnknownColumns" : false
              },
              "typeFilter" : {
                "selectedTypes" : [ ],
                "typeDisplays" : [ ]
              }
            }
          }
        }
      }
    }
  },
  "ui_schema" : {
    "elements" : [ {
      "type" : "Control",
      "scope" : "#/properties/model/properties/groupingColumn",
      "options" : {
        "format" : "dropDown"
      },
      "providedOptions" : [ "possibleValues" ]
    }, {
      "type" : "Control",
      "scope" : "#/properties/model/properties/confidenceIntervalProb",
      "options" : {
        "validation" : {
          "max" : {
            "errorMessage" : "The value must not exceed 99.",
            "parameters" : {
              "isExclusive" : false,
              "max" : 99.0
            }
          },
          "min" : {
            "errorMessage" : "The value must be at least 1.",
            "parameters" : {
              "isExclusive" : false,
              "min" : 1.0
            }
          }
        }
      }
    }, {
      "type" : "Control",
      "scope" : "#/properties/model/properties/testColumns",
      "options" : {
        "format" : "typedStringFilter",
        "unknownValuesText" : "Any unknown column",
        "emptyStateLabel" : "No columns in this list.",
        "hideTypeFilter" : true
      },
      "providedOptions" : [ "possibleValues" ]
    } ]
  },
  "persist" : {
    "type" : "object",
    "properties" : {
      "model" : {
        "type" : "object",
        "properties" : {
          "groupingColumn" : {
            "configKey" : "groupingColumn"
          },
          "confidenceIntervalProb" : {
            "configPaths" : [ [ "confidenceIntervalProb" ] ]
          },
          "testColumns" : {
            "configPaths" : [ [ "testColumns", "filter-type" ], [ "testColumns", "included_names" ], [ "testColumns", "excluded_names" ], [ "testColumns", "enforce_option" ], [ "testColumns", "name_pattern", "pattern" ], [ "testColumns", "name_pattern", "type" ], [ "testColumns", "name_pattern", "caseSensitive" ], [ "testColumns", "name_pattern", "excludeMatching" ] ]
          }
        }
      }
    }
  },
  "initialUpdates" : [ {
    "scope" : "#/properties/model/properties/groupingColumn",
    "providedOptionName" : "possibleValues",
    "values" : [ {
      "indices" : [ ],
      "value" : [ {
        "id" : "Cluster Membership",
        "text" : "Cluster Membership",
        "type" : {
          "id" : "org.knime.core.data.StringValue",
          "text" : "String"
        }
      }, {
        "id" : "Universe_0_0",
        "text" : "Universe_0_0",
        "type" : {
          "id" : "org.knime.core.data.DoubleValue",
          "text" : "Number (Float)"
        }
      }, {
        "id" : "Universe_0_1",
        "text" : "Universe_0_1",
        "type" : {
          "id" : "org.knime.core.data.DoubleValue",
          "text" : "Number (Float)"
        }
      }, {
        "id" : "Universe_1_0",
        "text" : "Universe_1_0",
        "type" : {
          "id" : "org.knime.core.data.DoubleValue",
          "text" : "Number (Float)"
        }
      }, {
        "id" : "Universe_1_1",
        "text" : "Universe_1_1",
        "type" : {
          "id" : "org.knime.core.data.DoubleValue",
          "text" : "Number (Float)"
        }
      } ]
    } ]
  }, {
    "scope" : "#/properties/model/properties/testColumns",
    "providedOptionName" : "possibleValues",
    "values" : [ {
      "indices" : [ ],
      "value" : [ {
        "id" : "Universe_0_0",
        "text" : "Universe_0_0",
        "type" : {
          "id" : "org.knime.core.data.DoubleValue",
          "text" : "Number (Float)"
        }
      }, {
        "id" : "Universe_0_1",
        "text" : "Universe_0_1",
        "type" : {
          "id" : "org.knime.core.data.DoubleValue",
          "text" : "Number (Float)"
        }
      }, {
        "id" : "Universe_1_0",
        "text" : "Universe_1_0",
        "type" : {
          "id" : "org.knime.core.data.DoubleValue",
          "text" : "Number (Float)"
        }
      }, {
        "id" : "Universe_1_1",
        "text" : "Universe_1_1",
        "type" : {
          "id" : "org.knime.core.data.DoubleValue",
          "text" : "Number (Float)"
        }
      } ]
    } ]
  } ],
  "globalUpdates" : [ {
    "trigger" : {
      "id" : "after-open-dialog"
    },
    "triggerInitially" : true,
    "dependencies" : [ "#/properties/model/properties/groupingColumn" ]
  } ]
}