{
  "data" : {
    "model" : {
      "targetDimensions" : 1,
      "inputColumns" : {
        "mode" : "MANUAL",
        "patternFilter" : {
          "pattern" : "",
          "isCaseSensitive" : false,
          "isInverted" : false
        },
        "manualFilter" : {
          "manuallySelected" : [ ],
          "manuallyDeselected" : [ ],
          "includeUnknownColumns" : false
        },
        "typeFilter" : {
          "selectedTypes" : [ ],
          "typeDisplays" : [ ]
        }
      },
      "removeOriginalColumns" : false,
      "failOnMissingValues" : false
    }
  },
  "schema" : {
    "type" : "object",
    "properties" : {
      "model" : {
        "type" : "object",
        "properties" : {
          "classColumn" : {
            "type" : "string",
            "title" : "Class column",
            "description" : "Column containing class information.\n"
          },
          "failOnMissingValues" : {
            "type" : "boolean",
            "title" : "Fail if missing values are encountered",
            "description" : "If checked, execution fails when the selected columns contain missing values. Otherwise, rows\ncontaining missing values are ignored during computation.\n",
            "default" : false
          },
          "inputColumns" : {
            "type" : "object",
            "properties" : {
              "manualFilter" : {
                "type" : "object",
                "properties" : {
                  "includeUnknownColumns" : {
                    "type" : "boolean",
                    "default" : false
                  },
                  "manuallyDeselected" : {
                    "type" : "array",
                    "items" : {
                      "type" : "string"
                    }
                  },
                  "manuallySelected" : {
                    "type" : "array",
                    "items" : {
                      "type" : "string"
                    }
                  }
                },
                "default" : {
                  "manuallySelected" : [ ],
                  "manuallyDeselected" : [ ],
                  "includeUnknownColumns" : false
                }
              },
              "mode" : {
                "oneOf" : [ {
                  "const" : "MANUAL",
                  "title" : "Manual"
                }, {
                  "const" : "REGEX",
                  "title" : "Regex"
                }, {
                  "const" : "WILDCARD",
                  "title" : "Wildcard"
                }, {
                  "const" : "TYPE",
                  "title" : "Type"
                } ],
                "default" : "MANUAL"
              },
              "patternFilter" : {
                "type" : "object",
                "properties" : {
                  "isCaseSensitive" : {
                    "type" : "boolean",
                    "default" : false
                  },
                  "isInverted" : {
                    "type" : "boolean",
                    "default" : false
                  },
                  "pattern" : {
                    "type" : "string",
                    "default" : ""
                  }
                },
                "default" : {
                  "pattern" : "",
                  "isCaseSensitive" : false,
                  "isInverted" : false
                }
              },
              "selected" : {
                "type" : "array",
                "items" : {
                  "type" : "string"
                }
              },
              "typeFilter" : {
                "type" : "object",
                "properties" : {
                  "selectedTypes" : {
                    "default" : [ ],
                    "type" : "array",
                    "items" : {
                      "type" : "string"
                    }
                  }
                },
                "default" : {
                  "selectedTypes" : [ ],
                  "typeDisplays" : [ ]
                }
              }
            },
            "title" : "Column selection",
            "description" : "Columns containing the input data.\n",
            "default" : {
              "mode" : "MANUAL",
              "patternFilter" : {
                "pattern" : "",
                "isCaseSensitive" : false,
                "isInverted" : false
              },
              "manualFilter" : {
                "manuallySelected" : [ ],
                "manuallyDeselected" : [ ],
                "includeUnknownColumns" : false
              },
              "typeFilter" : {
                "selectedTypes" : [ ],
                "typeDisplays" : [ ]
              }
            }
          },
          "removeOriginalColumns" : {
            "type" : "boolean",
            "title" : "Remove original data columns",
            "description" : "If checked, the columns containing the input data are removed from the output table.\n",
            "default" : false
          },
          "targetDimensionError" : {
            "type" : "object"
          },
          "targetDimensions" : {
            "type" : "integer",
            "format" : "int32",
            "title" : "Target dimensions",
            "description" : "Number of dimensions to reduce the input data to. This cannot exceed the number of classes minus\none or the number of selected columns, depending on which one is smaller.\n",
            "default" : 1
          }
        }
      }
    }
  },
  "ui_schema" : {
    "elements" : [ {
      "type" : "Control",
      "scope" : "#/properties/model/properties/targetDimensions",
      "options" : {
        "validation" : {
          "max" : {
            "errorMessage" : "The value must not exceed 2147483647.",
            "parameters" : {
              "isExclusive" : false,
              "max" : 2.147483647E9
            }
          },
          "min" : {
            "errorMessage" : "The value must be at least 1.",
            "parameters" : {
              "isExclusive" : false,
              "min" : 1.0
            }
          }
        }
      }
    }, {
      "type" : "Control",
      "scope" : "#/properties/model/properties/classColumn",
      "options" : {
        "format" : "dropDown"
      },
      "providedOptions" : [ "possibleValues" ]
    }, {
      "type" : "Control",
      "scope" : "#/properties/model/properties/inputColumns",
      "options" : {
        "format" : "typedStringFilter",
        "unknownValuesText" : "Any unknown column",
        "emptyStateLabel" : "No columns in this list.",
        "hideTypeFilter" : true
      },
      "providedOptions" : [ "possibleValues" ]
    }, {
      "type" : "Control",
      "scope" : "#/properties/model/properties/removeOriginalColumns",
      "options" : {
        "format" : "checkbox"
      }
    }, {
      "type" : "Control",
      "scope" : "#/properties/model/properties/failOnMissingValues",
      "options" : {
        "format" : "checkbox"
      }
    }, {
      "type" : "Control",
      "id" : "#/properties/model/properties/targetDimensionError",
      "options" : {
        "format" : "textMessage"
      },
      "providedOptions" : [ "message" ]
    } ]
  },
  "persist" : {
    "type" : "object",
    "properties" : {
      "model" : {
        "type" : "object",
        "properties" : {
          "targetDimensions" : {
            "configKey" : "number_of_dimensions"
          },
          "classColumn" : {
            "configKey" : "class_column"
          },
          "inputColumns" : {
            "configPaths" : [ [ "used_columns", "filter-type" ], [ "used_columns", "included_names" ], [ "used_columns", "excluded_names" ], [ "used_columns", "enforce_option" ], [ "used_columns", "name_pattern", "pattern" ], [ "used_columns", "name_pattern", "type" ], [ "used_columns", "name_pattern", "caseSensitive" ], [ "used_columns", "name_pattern", "excludeMatching" ] ]
          },
          "removeOriginalColumns" : {
            "configKey" : "remove_used_columns"
          },
          "failOnMissingValues" : {
            "configKey" : "fail_on_missings"
          },
          "targetDimensionError" : { }
        }
      }
    }
  },
  "initialUpdates" : [ {
    "scope" : "#/properties/model/properties/classColumn",
    "providedOptionName" : "possibleValues",
    "values" : [ {
      "indices" : [ ],
      "value" : [ {
        "id" : "Cluster Membership",
        "text" : "Cluster Membership",
        "type" : {
          "id" : "org.knime.core.data.StringValue",
          "text" : "String"
        }
      } ]
    } ]
  }, {
    "scope" : "#/properties/model/properties/inputColumns",
    "providedOptionName" : "possibleValues",
    "values" : [ {
      "indices" : [ ],
      "value" : [ ]
    } ]
  }, {
    "id" : "#/properties/model/properties/targetDimensionError",
    "providedOptionName" : "message",
    "values" : [ {
      "indices" : [ ],
      "value" : null
    } ]
  } ],
  "globalUpdates" : [ {
    "trigger" : {
      "scope" : "#/properties/model/properties/classColumn"
    },
    "dependencies" : [ "#/properties/model/properties/classColumn", "#/properties/model/properties/inputColumns", "#/properties/model/properties/targetDimensions" ]
  }, {
    "trigger" : {
      "scope" : "#/properties/model/properties/inputColumns"
    },
    "dependencies" : [ "#/properties/model/properties/classColumn", "#/properties/model/properties/inputColumns", "#/properties/model/properties/targetDimensions" ]
  }, {
    "trigger" : {
      "scope" : "#/properties/model/properties/targetDimensions"
    },
    "dependencies" : [ "#/properties/model/properties/classColumn", "#/properties/model/properties/inputColumns", "#/properties/model/properties/targetDimensions" ]
  } ]
}